// Jest Snapshot v1, https://goo.gl/fbAQLP

exports[`renders the component and clicks on it 1`] = `
<div>
  <button
    class="btn btn-primary"
    type="submit"
  >
    Play
  </button>
</div>
`;
